nohup: ignoring input

Collecting usage statistics. To deactivate, set browser.gatherUsageStats to false.


  You can now view your Streamlit app in your browser.

  Local URL: http://localhost:8081
  Network URL: http://103.200.22.41:8081
  External URL: http://103.200.22.41:8081

2026-04-19 22:20:16.235 Please replace `use_container_width` with `width`.

`use_container_width` will be removed after 2025-12-31.

For `use_container_width=True`, use `width='stretch'`. For `use_container_width=False`, use `width='content'`.
2026-04-19 22:29:26.330 Uncaught app execution
Traceback (most recent call last):
  File "/usr/local/lib/python3.10/dist-packages/streamlit/runtime/scriptrunner/exec_code.py", line 129, in exec_func_with_error_handling
    result = func()
  File "/usr/local/lib/python3.10/dist-packages/streamlit/runtime/scriptrunner/script_runner.py", line 689, in code_to_exec
    exec(code, module.__dict__)  # noqa: S102
  File "/www/wwwroot/bot_seo/tool_dao_tu_khoa.py", line 157, in <module>
    chay_may_dao_tu_khoa()
  File "/www/wwwroot/bot_seo/tool_dao_tu_khoa.py", line 146, in chay_may_dao_tu_khoa
    csv = df.to_csv(index=False).encode('utf-8-sig')
NameError: name 'df' is not defined
2026-04-19 22:31:22.817 Uncaught app execution
Traceback (most recent call last):
  File "/usr/local/lib/python3.10/dist-packages/streamlit/runtime/scriptrunner/exec_code.py", line 129, in exec_func_with_error_handling
    result = func()
  File "/usr/local/lib/python3.10/dist-packages/streamlit/runtime/scriptrunner/script_runner.py", line 689, in code_to_exec
    exec(code, module.__dict__)  # noqa: S102
  File "/www/wwwroot/bot_seo/tool_dao_tu_khoa.py", line 9, in <module>
    from my_config import client, gc, SPREADSHEET_ID # gc là gspread client đã có trong config của sếp
ImportError: cannot import name 'gc' from 'my_config' (/www/wwwroot/bot_seo/my_config.py)
2026-04-19 22:37:42.374 Please replace `use_container_width` with `width`.

`use_container_width` will be removed after 2025-12-31.

For `use_container_width=True`, use `width='stretch'`. For `use_container_width=False`, use `width='content'`.
2026-04-19 22:38:08.894 Please replace `use_container_width` with `width`.

`use_container_width` will be removed after 2025-12-31.

For `use_container_width=True`, use `width='stretch'`. For `use_container_width=False`, use `width='content'`.
2026-04-19 22:38:43.486 Please replace `use_container_width` with `width`.

`use_container_width` will be removed after 2025-12-31.

For `use_container_width=True`, use `width='stretch'`. For `use_container_width=False`, use `width='content'`.
/www/wwwroot/bot_seo/tool_dao_tu_khoa.py:55: DeprecationWarning: The order of arguments in worksheet.update() has changed. Please pass values first and range_name secondor used named arguments (range_name=, values=)
  clean_json = re.sub(r'```json|```', '', response.text).strip()
2026-04-19 22:39:31.829 Please replace `use_container_width` with `width`.

`use_container_width` will be removed after 2025-12-31.

For `use_container_width=True`, use `width='stretch'`. For `use_container_width=False`, use `width='content'`.
2026-04-19 22:40:03.382 Please replace `use_container_width` with `width`.

`use_container_width` will be removed after 2025-12-31.

For `use_container_width=True`, use `width='stretch'`. For `use_container_width=False`, use `width='content'`.
2026-04-21 09:44:00.104 Please replace `use_container_width` with `width`.

`use_container_width` will be removed after 2025-12-31.

For `use_container_width=True`, use `width='stretch'`. For `use_container_width=False`, use `width='content'`.
2026-04-21 09:44:00.116 Uncaught app execution
Traceback (most recent call last):
  File "/usr/local/lib/python3.10/dist-packages/streamlit/runtime/scriptrunner/exec_code.py", line 129, in exec_func_with_error_handling
    result = func()
  File "/usr/local/lib/python3.10/dist-packages/streamlit/runtime/scriptrunner/script_runner.py", line 689, in code_to_exec
    exec(code, module.__dict__)  # noqa: S102
  File "/www/wwwroot/bot_seo/tool_dao_tu_khoa.py", line 281, in <module>
    app_quan_ly_tu_khoa()
  File "/www/wwwroot/bot_seo/tool_dao_tu_khoa.py", line 269, in app_quan_ly_tu_khoa
    with pd.ExcelWriter(output, engine='xlsxwriter') as writer:
  File "/usr/local/lib/python3.10/dist-packages/pandas/io/excel/_xlsxwriter.py", line 197, in __init__
    from xlsxwriter import Workbook
ModuleNotFoundError: No module named 'xlsxwriter'
2026-04-21 09:49:31.569 Please replace `use_container_width` with `width`.

`use_container_width` will be removed after 2025-12-31.

For `use_container_width=True`, use `width='stretch'`. For `use_container_width=False`, use `width='content'`.
2026-04-21 09:49:43.928 Please replace `use_container_width` with `width`.

`use_container_width` will be removed after 2025-12-31.

For `use_container_width=True`, use `width='stretch'`. For `use_container_width=False`, use `width='content'`.
2026-04-21 10:03:06.414 Please replace `use_container_width` with `width`.

`use_container_width` will be removed after 2025-12-31.

For `use_container_width=True`, use `width='stretch'`. For `use_container_width=False`, use `width='content'`.
2026-04-21 10:04:23.815 Please replace `use_container_width` with `width`.

`use_container_width` will be removed after 2025-12-31.

For `use_container_width=True`, use `width='stretch'`. For `use_container_width=False`, use `width='content'`.
2026-04-21 10:04:42.667 Please replace `use_container_width` with `width`.

`use_container_width` will be removed after 2025-12-31.

For `use_container_width=True`, use `width='stretch'`. For `use_container_width=False`, use `width='content'`.
2026-04-24 09:32:10.975 Session with id 1fa16d48-08f5-4e8f-8a08-5c4785c756fc is already connected! Connecting to a new session.
  Stopping...
